2026-02-07 21:49:36,409 [INFO] [GOLIATH] ━━━━━━━━━━━━━━━━━━━━━━━━━━━━━━━━━━━━━━━━━━━━━━━━━━
2026-02-07 21:49:36,409 [INFO] [GOLIATH] SYSTEM TELEMETRY
2026-02-07 21:49:36,409 [INFO] [GOLIATH] ━━━━━━━━━━━━━━━━━━━━━━━━━━━━━━━━━━━━━━━━━━━━━━━━━━
2026-02-07 21:49:36,419 [INFO] [GOLIATH]   OS       : Windows 10
2026-02-07 21:49:36,420 [INFO] [GOLIATH]   CPU      : 32 Cores @ 4300MHz
2026-02-07 21:49:36,420 [INFO] [GOLIATH]   RAM      : 61.5 GB (43% used)
2026-02-07 21:49:36,420 [INFO] [GOLIATH]   Disk     : 469.8 GB Free ✓
2026-02-07 21:49:36,420 [INFO] [GOLIATH]   Python   : 3.10.11
2026-02-07 21:49:36,704 [INFO] [GOLIATH]   Docker   : ⚠ Not Running
2026-02-07 21:49:36,704 [INFO] [GOLIATH] ━━━━━━━━━━━━━━━━━━━━━━━━━━━━━━━━━━━━━━━━━━━━━━━━━━
2026-02-07 21:49:36,715 [INFO] [GOLIATH] [RUST] EXEC: Syntax Check
2026-02-07 21:49:36,921 [INFO] [GOLIATH] [RUST] PASS: Syntax Check (0.21s)
2026-02-07 21:49:36,922 [INFO] [GOLIATH] [RUST] EXEC: Unit Tests
2026-02-07 21:49:37,103 [INFO] [GOLIATH] [RUST] PASS: Unit Tests (0.18s)
2026-02-07 21:49:37,104 [INFO] [GOLIATH] [RUST] EXEC: Property Tests
2026-02-07 21:49:37,287 [INFO] [GOLIATH] [RUST] PASS: Property Tests (0.18s)
2026-02-07 21:49:37,287 [INFO] [GOLIATH] [RUST] EXEC: Security Audit
2026-02-07 21:49:37,472 [INFO] [GOLIATH] [RUST] PASS: Security Audit (0.18s)
2026-02-07 21:49:37,472 [INFO] [GOLIATH] [RUST] EXEC: Release Build
2026-02-07 21:49:37,649 [INFO] [GOLIATH] [RUST] PASS: Release Build (0.18s)
2026-02-07 21:49:37,649 [INFO] [GOLIATH] [GO] EXEC: Dependencies
2026-02-07 21:49:38,130 [INFO] [GOLIATH] [GO] PASS: Dependencies (0.48s)
2026-02-07 21:49:38,131 [INFO] [GOLIATH] [GO] EXEC: Static Analysis
2026-02-07 21:49:38,501 [INFO] [GOLIATH] [GO] PASS: Static Analysis (0.37s)
2026-02-07 21:49:38,501 [INFO] [GOLIATH] [GO] EXEC: RBAC Layer
2026-02-07 21:49:38,743 [INFO] [GOLIATH] [GO] PASS: RBAC Layer (0.24s)
2026-02-07 21:49:38,743 [INFO] [GOLIATH] [GO] EXEC: Pipeline
2026-02-07 21:49:39,017 [INFO] [GOLIATH] [GO] PASS: Pipeline (0.27s)
2026-02-07 21:49:39,017 [INFO] [GOLIATH] [GO] EXEC: MT5 Bridge
2026-02-07 21:49:39,283 [INFO] [GOLIATH] [GO] PASS: MT5 Bridge (0.27s)
2026-02-07 21:49:39,284 [INFO] [GOLIATH] [PYTHON] EXEC: Interpreter
2026-02-07 21:49:39,304 [INFO] [GOLIATH] [PYTHON] PASS: Interpreter (0.02s)
2026-02-07 21:49:39,304 [INFO] [GOLIATH] [PYTHON] EXEC: Core Dependencies
